gcd__GB3: gcd__GB3, 
gcd__GB6: gcd__GB6, 
datapath: gcd__GB7, gcd__GB6, gcd__GB5, gcd__GB4, gcd__GB3, gcd__GB2, gcd__GB1, gcd__GB0, 
case__4: gcd__GB7, gcd__GB6, gcd__GB5, gcd__GB4, gcd__GB3, gcd__GB2, gcd__GB1, gcd__GB0, 
reg__2: gcd__GB7, gcd__GB6, gcd__GB5, gcd__GB4, gcd__GB3, gcd__GB2, gcd__GB1, gcd__GB0, 
logic__2: gcd__GB7, gcd__GB6, gcd__GB5, gcd__GB4, gcd__GB3, gcd__GB2, gcd__GB1, gcd__GB0, 
datapath__1: gcd__GB7, gcd__GB6, gcd__GB5, gcd__GB4, gcd__GB3, gcd__GB2, gcd__GB1, gcd__GB0, 
gcd__GB1: gcd__GB1, 
gcd_pipe_stage: gcd__GB7, gcd__GB6, gcd__GB5, gcd__GB4, gcd__GB3, gcd__GB2, gcd__GB1, gcd__GB0, 
gcd__GB5: gcd__GB5, 
logic__5: gcd__GB7, gcd__GB6, gcd__GB5, gcd__GB4, gcd__GB3, gcd__GB2, gcd__GB1, gcd__GB0, 
reg__3: gcd__GB7, gcd__GB6, gcd__GB5, gcd__GB4, gcd__GB3, gcd__GB2, gcd__GB1, gcd__GB0, 
case__5: gcd__GB7, gcd__GB6, gcd__GB5, gcd__GB4, gcd__GB3, gcd__GB2, gcd__GB1, gcd__GB0, 
gcd__GB4: gcd__GB4, 
case__2: gcd__GB7, gcd__GB6, gcd__GB5, gcd__GB4, gcd__GB3, gcd__GB2, gcd__GB1, gcd__GB0, 
logic__11: gcd__GB7, gcd__GB6, gcd__GB5, gcd__GB4, gcd__GB3, gcd__GB2, gcd__GB1, gcd__GB0, 
reg__1: gcd__GB7, gcd__GB6, gcd__GB5, gcd__GB4, gcd__GB3, gcd__GB2, gcd__GB1, gcd__GB0, 
gcd__GB7: gcd__GB7, 
case__3: gcd__GB7, gcd__GB6, gcd__GB5, gcd__GB4, gcd__GB3, gcd__GB2, gcd__GB1, gcd__GB0, 
case: gcd__GB7, gcd__GB6, gcd__GB5, gcd__GB4, gcd__GB3, gcd__GB2, gcd__GB1, gcd__GB0, 
logic: gcd__GB7, gcd__GB6, gcd__GB5, gcd__GB4, gcd__GB3, gcd__GB2, gcd__GB1, gcd__GB0, 
gcd__GB0: gcd__GB0, 
logic__1: gcd__GB7, gcd__GB6, gcd__GB5, gcd__GB4, gcd__GB3, gcd__GB2, gcd__GB1, gcd__GB0, 
gcd__GB2: gcd__GB2, 
logic__4: gcd__GB7, gcd__GB6, gcd__GB5, gcd__GB4, gcd__GB3, gcd__GB2, gcd__GB1, gcd__GB0, 
reg: gcd__GB7, gcd__GB6, gcd__GB5, gcd__GB4, gcd__GB3, gcd__GB2, gcd__GB1, gcd__GB0, 
case__1: gcd__GB7, gcd__GB6, gcd__GB5, gcd__GB4, gcd__GB3, gcd__GB2, gcd__GB1, gcd__GB0, 
logic__3: gcd__GB7, gcd__GB6, gcd__GB5, gcd__GB4, gcd__GB3, gcd__GB2, gcd__GB1, gcd__GB0, 
